[63819465adf1a04458910f5b--te-station.netlify.app/index.html]
[backblue.gif]
[fade.gif]
[index.html]
[63819465adf1a04458910f5b--te-station.netlify.app/fontawesome-free-5.7.2-web 2/css/all.css]
[63819465adf1a04458910f5b--te-station.netlify.app/styles.css]
[63819465adf1a04458910f5b--te-station.netlify.app/index-2.html]
[63819465adf1a04458910f5b--te-station.netlify.app/skills.html]
[63819465adf1a04458910f5b--te-station.netlify.app/about.html]
[63819465adf1a04458910f5b--te-station.netlify.app/products.html]
[63819465adf1a04458910f5b--te-station.netlify.app/images/about-bcg.jpg]
[63819465adf1a04458910f5b--te-station.netlify.app/images/product-1.jpg]
[63819465adf1a04458910f5b--te-station.netlify.app/images/product-2.jpg]
[63819465adf1a04458910f5b--te-station.netlify.app/images/product-3.jpg]
[63819465adf1a04458910f5b--te-station.netlify.app/app.js]
[63819465adf1a04458910f5b--te-station.netlify.app/index.html]
[63819465adf1a04458910f5b--te-station.netlify.app/fontawesome-free-5.7.2-web 2/webfonts/fa-brands-400.eot]
[63819465adf1a04458910f5b--te-station.netlify.app/fontawesome-free-5.7.2-web 2/webfonts/fa-brands-400d41d.eot]
[63819465adf1a04458910f5b--te-station.netlify.app/fontawesome-free-5.7.2-web 2/webfonts/fa-brands-400.woff2]
[63819465adf1a04458910f5b--te-station.netlify.app/fontawesome-free-5.7.2-web 2/webfonts/fa-brands-400.woff]
[63819465adf1a04458910f5b--te-station.netlify.app/fontawesome-free-5.7.2-web 2/webfonts/fa-brands-400.ttf]
[63819465adf1a04458910f5b--te-station.netlify.app/fontawesome-free-5.7.2-web 2/webfonts/fa-brands-400.svg]
[63819465adf1a04458910f5b--te-station.netlify.app/fontawesome-free-5.7.2-web 2/webfonts/fa-regular-400.eot]
[63819465adf1a04458910f5b--te-station.netlify.app/fontawesome-free-5.7.2-web 2/webfonts/fa-regular-400d41d.eot]
[63819465adf1a04458910f5b--te-station.netlify.app/fontawesome-free-5.7.2-web 2/webfonts/fa-regular-400.woff2]
[63819465adf1a04458910f5b--te-station.netlify.app/fontawesome-free-5.7.2-web 2/webfonts/fa-regular-400.woff]
[63819465adf1a04458910f5b--te-station.netlify.app/fontawesome-free-5.7.2-web 2/webfonts/fa-regular-400.ttf]
[63819465adf1a04458910f5b--te-station.netlify.app/fontawesome-free-5.7.2-web 2/webfonts/fa-regular-400.svg]
[63819465adf1a04458910f5b--te-station.netlify.app/fontawesome-free-5.7.2-web 2/webfonts/fa-solid-900.eot]
[63819465adf1a04458910f5b--te-station.netlify.app/fontawesome-free-5.7.2-web 2/webfonts/fa-solid-900d41d.eot]
[63819465adf1a04458910f5b--te-station.netlify.app/fontawesome-free-5.7.2-web 2/webfonts/fa-solid-900.woff2]
[63819465adf1a04458910f5b--te-station.netlify.app/fontawesome-free-5.7.2-web 2/webfonts/fa-solid-900.woff]
[63819465adf1a04458910f5b--te-station.netlify.app/fontawesome-free-5.7.2-web 2/webfonts/fa-solid-900.ttf]
[63819465adf1a04458910f5b--te-station.netlify.app/fontawesome-free-5.7.2-web 2/css/all.css]
[63819465adf1a04458910f5b--te-station.netlify.app/fontawesome-free-5.7.2-web 2/webfonts/fa-solid-900.svg]
[63819465adf1a04458910f5b--te-station.netlify.app/images/main-bcg.jpg]
[63819465adf1a04458910f5b--te-station.netlify.app/styles.css]
[63819465adf1a04458910f5b--te-station.netlify.app/index-2.html]
[63819465adf1a04458910f5b--te-station.netlify.app/skills.html]
[63819465adf1a04458910f5b--te-station.netlify.app/about.html]
[63819465adf1a04458910f5b--te-station.netlify.app/products.html]
[63819465adf1a04458910f5b--te-station.netlify.app/fontawesome-free-5.7.2-web 2/webfonts/fa-brands-400.svg]
[63819465adf1a04458910f5b--te-station.netlify.app/fontawesome-free-5.7.2-web 2/webfonts/fa-regular-400.svg]
[63819465adf1a04458910f5b--te-station.netlify.app/fontawesome-free-5.7.2-web 2/webfonts/fa-solid-900.svg]
